// Jest Snapshot v1, https://goo.gl/fbAQLP

exports[`Test <GifGrid /> Render correctly 1`] = `ShallowWrapper {}`;
